
> geek-room-site@0.1.0 build
> next build

node.exe : 
SyntaxError: Expected 
',' or '}' after 
property value in 
JSON at position 
13962 (line 382 
column 5)
At line:1 char:1
+ & "C:\Program Files\
nodejs/node.exe" 
"C:\Program 
Files\nodejs/node_mo 
...
+ ~~~~~~~~~~~~~~~~~~~~
~~~~~~~~~~~~~~~~~~~~~~
~~~~~~~~~~~~~~~~~~~~~~
~~~~~
    + CategoryInfo    
          : NotSpeci  
  fied: (SyntaxErro   
 r: Ex...e 382 col    
umn 5):String) []    
, RemoteException
    + FullyQualifiedE 
   rrorId : NativeCo  
  mmandError
 
    at JSON.parse 
(<anonymous>)
Γû▓ Next.js 16.1.6 (Turbopack)
- Environments: .env.local, .env

ΓÜá The "middleware" 
file convention is 
deprecated. Please 
use "proxy" instead. 
Learn more: https://ne
xtjs.org/docs/messages
/middleware-to-proxy
  Creating an optimized production build ...
SyntaxError: Expected 
',' or '}' after 
property value in 
JSON at position 
13962 (line 382 
column 5)
    at JSON.parse 
(<anonymous>)

> Build error occurred
Error: Turbopack 
build failed with 6 
errors:
./components/about/Abo
utHero.tsx:5:1
Module not found: 
Can't resolve 'gsap'
[0m [90m 3 |[39m 
[36mimport[39m { 
useEffect[33m,[39m 
useRef } 
[36mfrom[39m [32m"r
eact"[39m[33m;[39m
 [90m 4 |[39m 
[36mimport[39m { 
motion } 
[36mfrom[39m [32m"f
ramer-motion"[39m[33
m;[39m
[31m[1m>[22m[39m[
90m 5 |[39m 
[36mimport[39m gsap 
[36mfrom[39m [32m"g
sap"[39m[33m;[39m
 [90m   |[39m [31m
[1m^[22m[39m[31m[1
m^[22m[39m[31m[1m^
[22m[39m[31m[1m^[
22m[39m[31m[1m^[22
m[39m[31m[1m^[22m
[39m[31m[1m^[22m[3
9m[31m[1m^[22m[39m
[31m[1m^[22m[39m[
31m[1m^[22m[39m[31
m[1m^[22m[39m[31m
[1m^[22m[39m[31m[1
m^[22m[39m[31m[1m^
[22m[39m[31m[1m^[
22m[39m[31m[1m^[22
m[39m[31m[1m^[22m
[39m[31m[1m^[22m[3
9m[31m[1m^[22m[39m
[31m[1m^[22m[39m[
31m[1m^[22m[39m[31
m[1m^[22m[39m[31m
[1m^[22m[39m[31m[1
m^[22m[39m
 [90m 6 |[39m
 [90m 7 |[39m 
[36mexport[39m 
[36mfunction[39m 
[33mAboutHero[39m() 
{
 [90m 8 |[39m   
[36mconst[39m 
container [33m=[39m 
useRef[33m<[39m[33m
HTMLDivElement[39m[3
3m>[39m([36mnull[39
m)[33m;[39m[0m



Import trace:
  Server Component:
    ./components/about
/AboutHero.tsx
    
./app/about/page.tsx

https://nextjs.org/doc
s/messages/module-not-
found


./components/about/Abo
utStory.tsx:4:1
Module not found: 
Can't resolve 'gsap'
[0m [90m 2 |[39m
 [90m 3 |[39m 
[36mimport[39m { 
useEffect[33m,[39m 
useRef } 
[36mfrom[39m [32m"r
eact"[39m[33m;[39m
[31m[1m>[22m[39m[
90m 4 |[39m 
[36mimport[39m gsap 
[36mfrom[39m [32m"g
sap"[39m[33m;[39m
 [90m   |[39m [31m
[1m^[22m[39m[31m[1
m^[22m[39m[31m[1m^
[22m[39m[31m[1m^[
22m[39m[31m[1m^[22
m[39m[31m[1m^[22m
[39m[31m[1m^[22m[3
9m[31m[1m^[22m[39m
[31m[1m^[22m[39m[
31m[1m^[22m[39m[31
m[1m^[22m[39m[31m
[1m^[22m[39m[31m[1
m^[22m[39m[31m[1m^
[22m[39m[31m[1m^[
22m[39m[31m[1m^[22
m[39m[31m[1m^[22m
[39m[31m[1m^[22m[3
9m[31m[1m^[22m[39m
[31m[1m^[22m[39m[
31m[1m^[22m[39m[31
m[1m^[22m[39m[31m
[1m^[22m[39m[31m[1
m^[22m[39m
 [90m 5 |[39m 
[36mimport[39m { [3
3mScrollTrigger[39m 
} [36mfrom[39m [32m
"gsap/ScrollTrigger"[
39m[33m;[39m
 [90m 6 |[39m
 [90m 7 |[39m 
[36mconst[39m 
timeline [33m=[39m 
[[0m



Import trace:
  Server Component:
    ./components/about
/AboutStory.tsx
    
./app/about/page.tsx

https://nextjs.org/doc
s/messages/module-not-
found


./components/about/Dyn
amicBackground.tsx:4:1
Module not found: 
Can't resolve 'gsap'
[0m [90m 2 |[39m
 [90m 3 |[39m 
[36mimport[39m { 
useEffect[33m,[39m 
useRef } 
[36mfrom[39m [32m"r
eact"[39m[33m;[39m
[31m[1m>[22m[39m[
90m 4 |[39m 
[36mimport[39m gsap 
[36mfrom[39m [32m"g
sap"[39m[33m;[39m
 [90m   |[39m [31m
[1m^[22m[39m[31m[1
m^[22m[39m[31m[1m^
[22m[39m[31m[1m^[
22m[39m[31m[1m^[22
m[39m[31m[1m^[22m
[39m[31m[1m^[22m[3
9m[31m[1m^[22m[39m
[31m[1m^[22m[39m[
31m[1m^[22m[39m[31
m[1m^[22m[39m[31m
[1m^[22m[39m[31m[1
m^[22m[39m[31m[1m^
[22m[39m[31m[1m^[
22m[39m[31m[1m^[22
m[39m[31m[1m^[22m
[39m[31m[1m^[22m[3
9m[31m[1m^[22m[39m
[31m[1m^[22m[39m[
31m[1m^[22m[39m[31
m[1m^[22m[39m[31m
[1m^[22m[39m[31m[1
m^[22m[39m
 [90m 5 |[39m
 [90m 6 |[39m 
[36mexport[39m 
[36mfunction[39m [3
3mDynamicBackground[3
9m() {
 [90m 7 |[39m   
[36mconst[39m 
containerRef 
[33m=[39m useRef[33
m<[39m[33mHTMLDivEle
ment[39m[33m>[39m(
[36mnull[39m)[33m;[
39m[0m



Import trace:
  Server Component:
    ./components/about
/DynamicBackground.tsx
    
./app/about/page.tsx

https://nextjs.org/doc
s/messages/module-not-
found


./components/about/Net
workNodes.tsx:4:1
Module not found: 
Can't resolve 'gsap'
[0m [90m 2 |[39m
 [90m 3 |[39m 
[36mimport[39m { 
useEffect[33m,[39m 
useRef[33m,[39m 
useState } 
[36mfrom[39m [32m"r
eact"[39m[33m;[39m
[31m[1m>[22m[39m[
90m 4 |[39m 
[36mimport[39m gsap 
[36mfrom[39m [32m"g
sap"[39m[33m;[39m
 [90m   |[39m [31m
[1m^[22m[39m[31m[1
m^[22m[39m[31m[1m^
[22m[39m[31m[1m^[
22m[39m[31m[1m^[22
m[39m[31m[1m^[22m
[39m[31m[1m^[22m[3
9m[31m[1m^[22m[39m
[31m[1m^[22m[39m[
31m[1m^[22m[39m[31
m[1m^[22m[39m[31m
[1m^[22m[39m[31m[1
m^[22m[39m[31m[1m^
[22m[39m[31m[1m^[
22m[39m[31m[1m^[22
m[39m[31m[1m^[22m
[39m[31m[1m^[22m[3
9m[31m[1m^[22m[39m
[31m[1m^[22m[39m[
31m[1m^[22m[39m[31
m[1m^[22m[39m[31m
[1m^[22m[39m[31m[1
m^[22m[39m
 [90m 5 |[39m 
[36mimport[39m { [3
3mScrollTrigger[39m 
} [36mfrom[39m [32m
"gsap/ScrollTrigger"[
39m[33m;[39m
 [90m 6 |[39m
 [90m 7 |[39m 
[36mconst[39m 
[33mNODE_LABELS[39m 
[33m=[39m [[0m



Import trace:
  Server Component:
    ./components/about
/NetworkNodes.tsx
    
./app/about/page.tsx

https://nextjs.org/doc
s/messages/module-not-
found


./components/about/Abo
utStory.tsx:5:1
Module not found: 
Can't resolve 
'gsap/ScrollTrigger'
[0m [90m 3 |[39m 
[36mimport[39m { 
useEffect[33m,[39m 
useRef } 
[36mfrom[39m [32m"r
eact"[39m[33m;[39m
 [90m 4 |[39m 
[36mimport[39m gsap 
[36mfrom[39m [32m"g
sap"[39m[33m;[39m
[31m[1m>[22m[39m[
90m 5 |[39m 
[36mimport[39m { [3
3mScrollTrigger[39m 
} [36mfrom[39m [32m
"gsap/ScrollTrigger"[
39m[33m;[39m
 [90m   |[39m [31m
[1m^[22m[39m[31m[1
m^[22m[39m[31m[1m^
[22m[39m[31m[1m^[
22m[39m[31m[1m^[22
m[39m[31m[1m^[22m
[39m[31m[1m^[22m[3
9m[31m[1m^[22m[39m
[31m[1m^[22m[39m[
31m[1m^[22m[39m[31
m[1m^[22m[39m[31m
[1m^[22m[39m[31m[1
m^[22m[39m[31m[1m^
[22m[39m[31m[1m^[
22m[39m[31m[1m^[22
m[39m[31m[1m^[22m
[39m[31m[1m^[22m[3
9m[31m[1m^[22m[39m
[31m[1m^[22m[39m[
31m[1m^[22m[39m[31
m[1m^[22m[39m[31m
[1m^[22m[39m[31m[1
m^[22m[39m[31m[1m^
[22m[39m[31m[1m^[
22m[39m[31m[1m^[22
m[39m[31m[1m^[22m
[39m[31m[1m^[22m[3
9m[31m[1m^[22m[39m
[31m[1m^[22m[39m[
31m[1m^[22m[39m[31
m[1m^[22m[39m[31m
[1m^[22m[39m[31m[1
m^[22m[39m[31m[1m^
[22m[39m[31m[1m^[
22m[39m[31m[1m^[22
m[39m[31m[1m^[22m
[39m[31m[1m^[22m[3
9m[31m[1m^[22m[39m
[31m[1m^[22m[39m[
31m[1m^[22m[39m[31
m[1m^[22m[39m[31m
[1m^[22m[39m[31m[1
m^[22m[39m[31m[1m^
[22m[39m[31m[1m^[
22m[39m[31m[1m^[22
m[39m[31m[1m^[22m
[39m[31m[1m^[22m[3
9m
 [90m 6 |[39m
 [90m 7 |[39m 
[36mconst[39m 
timeline [33m=[39m [
 [90m 8 |[39m   { 
year[33m:[39m [32m"
2019"[39m[33m,[39m 
title[33m:[39m 
[32m"System 
Boot"[39m[33m,[39m 
    desc[33m:[39m 
[32m"Founded at JIMS 
EMTC."[39m 
}[33m,[39m[0m



Import trace:
  Server Component:
    ./components/about
/AboutStory.tsx
    
./app/about/page.tsx

https://nextjs.org/doc
s/messages/module-not-
found


./components/about/Net
workNodes.tsx:5:1
Module not found: 
Can't resolve 
'gsap/ScrollTrigger'
[0m [90m 3 |[39m 
[36mimport[39m { 
useEffect[33m,[39m 
useRef[33m,[39m 
useState } 
[36mfrom[39m [32m"r
eact"[39m[33m;[39m
 [90m 4 |[39m 
[36mimport[39m gsap 
[36mfrom[39m [32m"g
sap"[39m[33m;[39m
[31m[1m>[22m[39m[
90m 5 |[39m 
[36mimport[39m { [3
3mScrollTrigger[39m 
} [36mfrom[39m [32m
"gsap/ScrollTrigger"[
39m[33m;[39m
 [90m   |[39m [31m
[1m^[22m[39m[31m[1
m^[22m[39m[31m[1m^
[22m[39m[31m[1m^[
22m[39m[31m[1m^[22
m[39m[31m[1m^[22m
[39m[31m[1m^[22m[3
9m[31m[1m^[22m[39m
[31m[1m^[22m[39m[
31m[1m^[22m[39m[31
m[1m^[22m[39m[31m
[1m^[22m[39m[31m[1
m^[22m[39m[31m[1m^
[22m[39m[31m[1m^[
22m[39m[31m[1m^[22
m[39m[31m[1m^[22m
[39m[31m[1m^[22m[3
9m[31m[1m^[22m[39m
[31m[1m^[22m[39m[
31m[1m^[22m[39m[31
m[1m^[22m[39m[31m
[1m^[22m[39m[31m[1
m^[22m[39m[31m[1m^
[22m[39m[31m[1m^[
22m[39m[31m[1m^[22
m[39m[31m[1m^[22m
[39m[31m[1m^[22m[3
9m[31m[1m^[22m[39m
[31m[1m^[22m[39m[
31m[1m^[22m[39m[31
m[1m^[22m[39m[31m
[1m^[22m[39m[31m[1
m^[22m[39m[31m[1m^
[22m[39m[31m[1m^[
22m[39m[31m[1m^[22
m[39m[31m[1m^[22m
[39m[31m[1m^[22m[3
9m[31m[1m^[22m[39m
[31m[1m^[22m[39m[
31m[1m^[22m[39m[31
m[1m^[22m[39m[31m
[1m^[22m[39m[31m[1
m^[22m[39m[31m[1m^
[22m[39m[31m[1m^[
22m[39m[31m[1m^[22
m[39m[31m[1m^[22m
[39m[31m[1m^[22m[3
9m
 [90m 6 |[39m
 [90m 7 |[39m 
[36mconst[39m 
[33mNODE_LABELS[39m 
[33m=[39m [
 [90m 8 |[39m   
[32m"Systems 
Dev"[39m[33m,[39m 
[32m"Web 
Dev"[39m[33m,[39m 
[32m"AI / 
ML"[39m[33m,[39m 
[32m"Open Source"[39
m[33m,[39m[0m



Import trace:
  Server Component:
    ./components/about
/NetworkNodes.tsx
    
./app/about/page.tsx

https://nextjs.org/doc
s/messages/module-not-
found


    at <unknown> (./co
mponents/about/AboutHe
ro.tsx:5:1)
    at <unknown> (http
s://nextjs.org/docs/me
ssages/module-not-foun
d)
    at <unknown> (./co
mponents/about/AboutSt
ory.tsx:4:1)
    at <unknown> (http
s://nextjs.org/docs/me
ssages/module-not-foun
d)
    at <unknown> (./co
mponents/about/Dynamic
Background.tsx:4:1)
    at <unknown> (http
s://nextjs.org/docs/me
ssages/module-not-foun
d)
    at <unknown> (./co
mponents/about/Network
Nodes.tsx:4:1)
    at <unknown> (http
s://nextjs.org/docs/me
ssages/module-not-foun
d)
    at <unknown> (./co
mponents/about/AboutSt
ory.tsx:5:1)
    at <unknown> (http
s://nextjs.org/docs/me
ssages/module-not-foun
d)
    at <unknown> (./co
mponents/about/Network
Nodes.tsx:5:1)
    at <unknown> (http
s://nextjs.org/docs/me
ssages/module-not-foun
d)
