app/actions/eventActions.ts(48,9): error TS2353: Object literal may only specify known properties, and 'formSchema' does not exist in type '(Without<EventCreateInput, EventUncheckedCreateInput> & EventUncheckedCreateInput) | (Without<...> & EventCreateInput)'.
app/actions/eventActions.ts(92,9): error TS2353: Object literal may only specify known properties, and 'formSchema' does not exist in type '(Without<EventUpdateInput, EventUncheckedUpdateInput> & EventUncheckedUpdateInput) | (Without<...> & EventUpdateInput)'.
app/actions/eventActions.ts(235,9): error TS2322: Type 'Record<string, unknown>' is not assignable to type 'JsonNull | InputJsonValue'.
  Type 'Record<string, unknown>' is missing the following properties from type 'readonly (InputJsonValue | null)[]': length, concat, join, slice, and 26 more.
app/actions/eventActions.ts(278,9): error TS2353: Object literal may only specify known properties, and 'formSchema' does not exist in type 'EventSelect<DefaultArgs>'.
app/actions/eventActions.ts(290,26): error TS2339: Property 'submissions' does not exist on type '{ id: string; title: string; description: string; date: Date; location: string; registrationLink: string | null; image: string; status: string; category: string | null; time: string | null; registrationOpen: boolean; gallery: string[]; createdAt: Date; updatedAt: Date; }'.
app/actions/eventActions.ts(290,47): error TS2339: Property 'submissions' does not exist on type '{ id: string; title: string; description: string; date: Date; location: string; registrationLink: string | null; image: string; status: string; category: string | null; time: string | null; registrationOpen: boolean; gallery: string[]; createdAt: Date; updatedAt: Date; }'.
app/actions/eventActions.ts(297,26): error TS2339: Property 'formSchema' does not exist on type '{ id: string; title: string; description: string; date: Date; location: string; registrationLink: string | null; image: string; status: string; category: string | null; time: string | null; registrationOpen: boolean; gallery: string[]; createdAt: Date; updatedAt: Date; }'.
app/actions/eventActions.ts(297,46): error TS2339: Property 'formSchema' does not exist on type '{ id: string; title: string; description: string; date: Date; location: string; registrationLink: string | null; image: string; status: string; category: string | null; time: string | null; registrationOpen: boolean; gallery: string[]; createdAt: Date; updatedAt: Date; }'.
app/actions/eventActions.ts(307,24): error TS2339: Property 'submissions' does not exist on type '{ id: string; title: string; description: string; date: Date; location: string; registrationLink: string | null; image: string; status: string; category: string | null; time: string | null; registrationOpen: boolean; gallery: string[]; createdAt: Date; updatedAt: Date; }'.
app/admin/create-event/page.tsx(50,21): error TS2304: Cannot find name 'EventItem'.
app/admin/events/[eventId]/responses/page.tsx(20,7): error TS2353: Object literal may only specify known properties, and 'formSchema' does not exist in type 'EventSelect<DefaultArgs>'.
app/admin/events/[eventId]/responses/page.tsx(28,28): error TS2339: Property 'formSchema' does not exist on type '{ id: string; title: string; description: string; date: Date; location: string; registrationLink: string | null; image: string; status: string; category: string | null; time: string | null; registrationOpen: boolean; gallery: string[]; createdAt: Date; updatedAt: Date; }'.
app/events/[slug]/page.tsx(40,5): error TS2322: Type 'string' is not assignable to type 'EventCategory | undefined'.
app/events/page.tsx(58,9): error TS2322: Type '{ slug: string; title: string; date: string; type: "upcoming" | "past"; description: string; image: string; registrationLink: string | undefined; location: string; time: string | undefined; category: string; registrationOpen: boolean | undefined; gallery: string[] | undefined; winners: Winner[] | undefined; }[]' is not assignable to type 'EventDetails[]'.
  Type '{ slug: string; title: string; date: string; type: "upcoming" | "past"; description: string; image: string; registrationLink: string | undefined; location: string; time: string | undefined; category: string; registrationOpen: boolean | undefined; gallery: string[] | undefined; winners: Winner[] | undefined; }' is not assignable to type 'EventDetails'.
    Types of property 'category' are incompatible.
      Type 'string' is not assignable to type 'EventCategory | undefined'.
app/gallery/page.tsx(18,9): error TS2322: Type '{ slug: string; title: string; date: string; type: "upcoming" | "past"; description: string; image: string; registrationLink: string | undefined; location: string; time: string | undefined; category: string; registrationOpen: boolean | undefined; gallery: string[] | undefined; winners: Winner[] | undefined; }[]' is not assignable to type 'EventDetails[]'.
  Type '{ slug: string; title: string; date: string; type: "upcoming" | "past"; description: string; image: string; registrationLink: string | undefined; location: string; time: string | undefined; category: string; registrationOpen: boolean | undefined; gallery: string[] | undefined; winners: Winner[] | undefined; }' is not assignable to type 'EventDetails'.
    Types of property 'category' are incompatible.
      Type 'string' is not assignable to type 'EventCategory | undefined'.
app/register/[eventId]/page.tsx(22,7): error TS2353: Object literal may only specify known properties, and 'formSchema' does not exist in type 'EventSelect<DefaultArgs>'.
app/register/[eventId]/page.tsx(30,28): error TS2339: Property 'formSchema' does not exist on type '{ id: string; title: string; description: string; date: Date; location: string; registrationLink: string | null; image: string; status: string; category: string | null; time: string | null; registrationOpen: boolean; gallery: string[]; createdAt: Date; updatedAt: Date; }'.
